// Jest Snapshot v1, https://goo.gl/fbAQLP

exports[`Button 的简单测试 渲染是否成功 1`] = `
<div>
  button
</div>
`;
